{
  "resourceType": "Bundle",
  "id": "e6a17150-cf0d-48ce-bdf3-98c85b1fc6fd",
  "meta": {
    "profile": [
      "https://demis.rki.de/fhir/StructureDefinition/NotificationBundleLaboratoryNonNominal"
    ]
  },
  "identifier": {
    "system": "https://demis.rki.de/fhir/NamingSystem/NotificationBundleId",
    "value": "7fb657fd-ecbb-436e-9c3d-81195980960c"
  },
  "type": "document",
  "timestamp": "2025-04-30T16:36:09.449+02:00",
  "entry": [
    {
      "fullUrl": "https://demis.rki.de/fhir/Composition/de99972a-4403-4c71-b952-28cd29b2d52a",
      "resource": {
        "resourceType": "Composition",
        "id": "de99972a-4403-4c71-b952-28cd29b2d52a",
        "meta": {
          "profile": [
            "https://demis.rki.de/fhir/StructureDefinition/NotificationLaboratoryNonNominal"
          ]
        },
        "identifier": {
          "system": "https://demis.rki.de/fhir/NamingSystem/NotificationId",
          "value": "566828f8-c16b-4e11-b705-44777b15107d"
        },
        "status": "final",
        "type": {
          "coding": [
            {
              "system": "http://loinc.org",
              "code": "34782-3",
              "display": "Infectious disease Note"
            }
          ]
        },
        "subject": {
          "reference": "Patient/815ba342-1d16-4488-90a4-ff576420388c"
        },
        "date": "2025-04-30T16:36:09+02:00",
        "author": [
          {
            "reference": "PractitionerRole/fcf3084a-36c8-4efc-ae81-d8bb797ce597"
          }
        ],
        "title": "Meldung gemäß §7 Absatz 3 IfSG",
        "relatesTo": [
          {
            "code": "appends",
            "targetReference": {
              "type": "Composition",
              "identifier": {
                "system": "https://demis.rki.de/fhir/NamingSystem/NotificationId",
                "value": "834632"
              }
            }
          }
        ],
        "section": [
          {
            "code": {
              "coding": [
                {
                  "system": "http://loinc.org",
                  "code": "11502-2",
                  "display": "Laboratory report"
                }
              ]
            },
            "entry": [
              {
                "reference": "DiagnosticReport/2c41be38-2ac5-4cf6-8f60-78b204ea6fb3"
              }
            ]
          }
        ]
      }
    },
    {
      "fullUrl": "https://demis.rki.de/fhir/Patient/815ba342-1d16-4488-90a4-ff576420388c",
      "resource": {
        "resourceType": "Patient",
        "id": "815ba342-1d16-4488-90a4-ff576420388c",
        "meta": {
          "profile": [
            "https://demis.rki.de/fhir/StructureDefinition/NotifiedPerson"
          ]
        },
        "name": [
          {
            "text": "Max Power",
            "family": "Power",
            "given": [
              "Max"
            ]
          }
        ],
        "telecom": [
          {
            "system": "phone",
            "value": "012345767"
          },
          {
            "system": "email",
            "value": "testerino@test.de"
          }
        ],
        "gender": "male",
        "birthDate": "2024-11-14",
        "address": [
          {
            "extension": [
              {
                "url": "https://demis.rki.de/fhir/StructureDefinition/AddressUse",
                "valueCoding": {
                  "system": "https://demis.rki.de/fhir/CodeSystem/addressUse",
                  "code": "current",
                  "display": "Derzeitiger Aufenthaltsort"
                }
              }
            ],
            "line": [
              "Seestraße 1"
            ],
            "city": "Berlin",
            "postalCode": "21481",
            "country": "DE"
          },
          {
            "extension": [
              {
                "url": "https://demis.rki.de/fhir/StructureDefinition/AddressUse",
                "valueCoding": {
                  "system": "https://demis.rki.de/fhir/CodeSystem/addressUse",
                  "code": "ordinary",
                  "display": "Gewöhnlicher Aufenthaltsort"
                }
              }
            ],
            "line": [
              "Seestraße 1"
            ],
            "city": "Berlin",
            "postalCode": "21481",
            "country": "DE"
          }
        ]
      }
    },
    {
      "fullUrl": "https://demis.rki.de/fhir/PractitionerRole/fcf3084a-36c8-4efc-ae81-d8bb797ce597",
      "resource": {
        "resourceType": "PractitionerRole",
        "id": "fcf3084a-36c8-4efc-ae81-d8bb797ce597",
        "meta": {
          "profile": [
            "https://demis.rki.de/fhir/StructureDefinition/NotifierRole"
          ]
        },
        "organization": {
          "reference": "Organization/c91d54a7-7ae8-4671-a389-2843b29b6982"
        }
      }
    },
    {
      "fullUrl": "https://demis.rki.de/fhir/Organization/c91d54a7-7ae8-4671-a389-2843b29b6982",
      "resource": {
        "resourceType": "Organization",
        "id": "c91d54a7-7ae8-4671-a389-2843b29b6982",
        "meta": {
          "profile": [
            "https://demis.rki.de/fhir/StructureDefinition/NotifierFacility"
          ]
        },
        "identifier": [
          {
            "system": "https://fhir.kbv.de/NamingSystem/KBV_NS_Base_BSNR",
            "value": "248123512"
          }
        ],
        "type": [
          {
            "coding": [
              {
                "system": "https://demis.rki.de/fhir/CodeSystem/organizationType",
                "code": "othPrivatLab",
                "display": "Sonstige private Untersuchungsstelle"
              }
            ]
          }
        ],
        "name": "TEST Organisation",
        "telecom": [
          {
            "system": "phone",
            "value": "0182736912388889",
            "use": "work"
          },
          {
            "system": "email",
            "value": "testerino@test.de"
          }
        ],
        "address": [
          {
            "line": [
              "Im Himmelreich 1"
            ],
            "city": "Frühling",
            "postalCode": "21481",
            "country": "DE"
          }
        ],
        "contact": [
          {
            "name": {
              "text": "Herr Dr Melderina Melderson",
              "family": "Melderson",
              "given": [
                "Melderina"
              ],
              "prefix": [
                "Dr"
              ]
            }
          }
        ]
      }
    },
    {
      "fullUrl": "https://demis.rki.de/fhir/PractitionerRole/f685dfdc-80ba-4e7a-8c46-cd0bf43c4a5f",
      "resource": {
        "resourceType": "PractitionerRole",
        "id": "f685dfdc-80ba-4e7a-8c46-cd0bf43c4a5f",
        "meta": {
          "profile": [
            "https://demis.rki.de/fhir/StructureDefinition/SubmittingRole"
          ]
        },
        "organization": {
          "reference": "Organization/c2ca9275-2920-4da7-a781-a4e0328e2e4e"
        }
      }
    },
    {
      "fullUrl": "https://demis.rki.de/fhir/Organization/c2ca9275-2920-4da7-a781-a4e0328e2e4e",
      "resource": {
        "resourceType": "Organization",
        "id": "c2ca9275-2920-4da7-a781-a4e0328e2e4e",
        "meta": {
          "profile": [
            "https://demis.rki.de/fhir/StructureDefinition/SubmittingFacility"
          ]
        },
        "type": [
          {
            "coding": [
              {
                "system": "https://demis.rki.de/fhir/CodeSystem/organizationType",
                "code": "othPrivatLab",
                "display": "Sonstige private Untersuchungsstelle"
              }
            ]
          }
        ],
        "name": "Das Einsenderinstitut",
        "telecom": [
          {
            "system": "phone",
            "value": "012345678",
            "use": "work"
          },
          {
            "system": "email",
            "value": "einsender@einsenderinstitut.de"
          }
        ],
        "address": [
          {
            "line": [
              "Am Einsenderdamm 1"
            ],
            "city": "Einsendercity",
            "postalCode": "21481",
            "country": "DE"
          }
        ],
        "contact": [
          {
            "name": {
              "text": "Frau Dr Einsenderina Einsenderson",
              "family": "Einsenderson",
              "given": [
                "Einsenderina"
              ],
              "prefix": [
                "Dr"
              ]
            },
            "address": {
              "line": [
                "Station 9a"
              ]
            }
          }
        ]
      }
    },
    {
      "fullUrl": "https://demis.rki.de/fhir/Specimen/ae990eed-fc4f-428b-8de5-0d8a077ff81f",
      "resource": {
        "resourceType": "Specimen",
        "id": "ae990eed-fc4f-428b-8de5-0d8a077ff81f",
        "meta": {
          "profile": [
            "https://demis.rki.de/fhir/StructureDefinition/SpecimenHIVP"
          ]
        },
        "type": {
          "coding": [
            {
              "system": "http://snomed.info/sct",
              "version": "http://snomed.info/sct/11000274103/version/20241115",
              "code": "119342007",
              "display": "Saliva specimen (specimen)"
            }
          ]
        },
        "subject": {
          "reference": "Patient/815ba342-1d16-4488-90a4-ff576420388c"
        },
        "receivedTime": "2024-01-01T00:00:00+01:00",
        "collection": {
          "collector": {
            "reference": "PractitionerRole/f685dfdc-80ba-4e7a-8c46-cd0bf43c4a5f"
          },
          "collectedDateTime": "2024-01-01T00:00:00+01:00"
        }
      }
    },
    {
      "fullUrl": "https://demis.rki.de/fhir/Observation/7c1d8a36-a4a8-4391-8e8f-c2664daeb6d3",
      "resource": {
        "resourceType": "Observation",
        "id": "7c1d8a36-a4a8-4391-8e8f-c2664daeb6d3",
        "meta": {
          "profile": [
            "https://demis.rki.de/fhir/StructureDefinition/PathogenDetectionHIVP"
          ]
        },
        "status": "final",
        "category": [
          {
            "coding": [
              {
                "system": "http://terminology.hl7.org/CodeSystem/observation-category",
                "code": "laboratory",
                "display": "Laboratory"
              }
            ]
          }
        ],
        "code": {
          "coding": [
            {
              "system": "http://loinc.org",
              "version": "2.79",
              "code": "41852-5",
              "display": "Microorganism or agent identified in Specimen"
            }
          ]
        },
        "subject": {
          "reference": "Patient/815ba342-1d16-4488-90a4-ff576420388c"
        },
        "valueCodeableConcept": {
          "coding": [
            {
              "system": "http://snomed.info/sct",
              "version": "http://snomed.info/sct/11000274103/version/20241115",
              "code": "19030005",
              "display": "Human immunodeficiency virus (organism)"
            }
          ]
        },
        "interpretation": [
          {
            "coding": [
              {
                "system": "http://terminology.hl7.org/CodeSystem/v3-ObservationInterpretation",
                "code": "POS"
              }
            ]
          }
        ],
        "method": {
          "coding": [
            {
              "system": "http://snomed.info/sct",
              "version": "http://snomed.info/sct/11000274103/version/20241115",
              "code": "31651002",
              "display": "Immunoglobulin A measurement (procedure)"
            }
          ]
        },
        "specimen": {
          "reference": "Specimen/ae990eed-fc4f-428b-8de5-0d8a077ff81f"
        }
      }
    },
    {
      "fullUrl": "https://demis.rki.de/fhir/DiagnosticReport/2c41be38-2ac5-4cf6-8f60-78b204ea6fb3",
      "resource": {
        "resourceType": "DiagnosticReport",
        "id": "2c41be38-2ac5-4cf6-8f60-78b204ea6fb3",
        "meta": {
          "profile": [
            "https://demis.rki.de/fhir/StructureDefinition/LaboratoryReportHIVP"
          ]
        },
        "basedOn": [
          {
            "type": "ServiceRequest",
            "identifier": {
              "system": "https://demis.rki.de/fhir/NamingSystem/ServiceRequestId",
              "value": "686149"
            }
          }
        ],
        "status": "final",
        "code": {
          "coding": [
            {
              "system": "https://demis.rki.de/fhir/CodeSystem/notificationCategory",
              "version":"1.0.0",
              "code": "hivp",
              "display": "Humanes Immundefizienz-Virus (HIV)"
            }
          ]
        },
        "subject": {
          "reference": "Patient/815ba342-1d16-4488-90a4-ff576420388c"
        },
        "issued": "2025-04-30T16:36:09.768+02:00",
        "result": [
          {
            "reference": "Observation/7c1d8a36-a4a8-4391-8e8f-c2664daeb6d3"
          }
        ],
        "conclusion": "Ich wollte nicht tauschen",
        "conclusionCode": [
          {
            "coding": [
              {
                "system": "https://demis.rki.de/fhir/CodeSystem/conclusionCode",
                "code": "pathogenDetected"
              }
            ]
          }
        ]
      }
    }
  ]
}